// Jest Snapshot v1, https://goo.gl/fbAQLP

exports[`<AppContainer /> renders correctly 1`] = `
<div
  className="app"
>
  <div
    className="tasks-list-page"
  >
    <div
      className="spinner"
    >
      Loading
      
    </div>
    <div
      className="alert alert-info"
    >
      Choose todo list
    </div>
  </div>
</div>
`;
